// Jest Snapshot v1, https://goo.gl/fbAQLP

exports[`<DaysCard /> matches the snapshot 1`] = `
<div
  className="d-flex flex-column align-items-center py-3 bg-success"
>
  <i
    className="fas fa-sun"
  />
  <p
    className="m-0"
  >
    37
    Â°
  </p>
  <p
    className="m-0"
  >
    Tue - Dec 4
  </p>
</div>
`;
